<!doctype html>
<html lang="en">
<head>
<meta charset="UTF-8">
<title>Document</title>
<link href="styles/head.css" rel="stylesheet" type="text/css" />
</head>
<body>
<script src="scripts/vendor/modernizr.js"></script>
<script src="scripts/vendor/jQuery.js"></script>
<script src="scripts/main.js"></script>
<script src="scripts/module.js"></script>
<link href="styles/vendor/vendor.css" rel="stylesheet" type="text/css" />
<link href="styles/footer.css" rel="stylesheet" type="text/css" />
</body>
</html>